##############################################################################
#                                                                            #
# IAR Atmel AVR C Compiler V3.10C/W32                  31/Jan/2006  09:32:46 #
# Copyright 1996-2004 IAR Systems. All rights reserved.                      #
#                                                                            #
#    Source file  =  M:\VisualState\ProjectM16Motor\ew\vssrc\System1.c       #
#    Command line =  --cpu=m16 -ms -o M:\VisualState\ProjectM16Motor\ew\Debu #
#                    g\Obj\ -lC M:\VisualState\ProjectM16Motor\ew\Debug\List #
#                    \ -lB M:\VisualState\ProjectM16Motor\ew\Debug\List\     #
#                    -z2 --no_cse --no_inline --no_code_motion               #
#                    --no_cross_call --no_clustering --debug                 #
#                    -DENABLE_BIT_DEFINITIONS -e -I                          #
#                    M:\VisualState\ProjectM16Motor\ew\src\ -I               #
#                    M:\VisualState\ProjectM16Motor\ew\vssrc\ -I             #
#                    M:\VisualState\ProjectM16Motor\ew\vsapi\ -I             #
#                    "C:\Program Files\IAR Systems\Embedded Workbench        #
#                    3.2\avr\INC\" -I "C:\Program Files\IAR                  #
#                    Systems\Embedded Workbench 3.2\avr\INC\CLIB\"           #
#                    --eeprom_size 512 M:\VisualState\ProjectM16Motor\ew\vss #
#                    rc\System1.c                                            #
#    List file    =  M:\VisualState\ProjectM16Motor\ew\Debug\List\System1.ls #
#                    t                                                       #
#    Object file  =  M:\VisualState\ProjectM16Motor\ew\Debug\Obj\System1.r90 #
#                                                                            #
#                                                                            #
##############################################################################

M:\VisualState\ProjectM16Motor\ew\vssrc\System1.c
      1          /*
      2           * Id:        System1.c
      3           *
      4           * Function:  VS System Source File.
      5           *
      6           * Generated: Fri Jan 13 13:08:29 2006
      7           *
      8           * Coder 5.1.0.215 
      9           * 
     10           * This is an automatically generated file. It will be overwritten by the Coder. 
     11           * 
     12           * DO NOT EDIT THE FILE! 
     13           */
     14          
     15          
     16          /*
     17           * Include SEM Library Header File.
     18           */
     19          #include "SEMLibB.h"
     20          
     21          
     22          /*
     23           * Include VS System Header File.
     24           */
     25          #include "System1.h"
     26          
     27          
     28          /*
     29           * Include VS System Data Header File.
     30           */
     31          #include "System1Data.h"
     32          
     33          
     34          /*
     35           * SEM Library Data Declaration.
     36           */

   \                                 In segment NEAR_Z, align 1, keep-with-next
   \   00000000                              REQUIRE `?<Segment init: NEAR_Z>`
     37          SEMDATA SEM;
   \                     SEM:
   \   00000000                              DS 28
     38          
     39          
     40          
     41          
     42          
     43          /*
     44           * VS System Data Declaration and Initialization.
     45           *
     46           * VS System Informations:
     47           * - Rule data format number:  1
     48           */

   \                                 In segment NEAR_I, align 1, keep-with-next
   \   00000000                              REQUIRE `?<Segment init: NEAR_I>`
     49          VSDATA const VS = 
   \                     VS:
   \   00000000                              DS 323
   \   00000143                              REQUIRE `?<Initializer for VS>`

   \                                 In segment NEAR_ID, align 1, keep-with-next
   \                     `?<Initializer for VS>`:
   \   00000000   000000000100               DB 0, 0, 0, 0, 0, 1, 1, 2, 2, 2, 3, 3, 0, 64, 5, 0, 5, 7, 10, 3, 21, 11
   \              020102020303
   \              400000050705
   \              030A0B15    
   \   00000016   110600001501               DB 6, 17, 0, 0, 1, 21, 1, 16, 1, 0, 1, 9, 1, 17, 3, 0, 0, 2, 0, 7, 8, 1
   \              100100010901
   \              110100030200
   \              07000108    
   \   0000002C   02100400160A               DB 16, 2, 0, 4, 10, 22, 1, 16, 2, 0, 3, 5, 22, 1, 16, 2, 1, 0, 11, 6, 1
   \              100100020503
   \              011602100001
   \              060B01      
   \   00000041   02100002060B               DB 16, 2, 2, 0, 11, 6, 1, 16, 2, 2, 0, 11, 6, 1, 16, 2, 3, 0, 11, 6, 1
   \              100102020B00
   \              010602100003
   \              060B01      
   \   00000056   02100004060B               DB 16, 2, 4, 0, 11, 6, 1, 32, 2, 5, 6, 7, 23, 20, 2, 0, 1, 6, 7, 18, 1
   \              200105020706
   \              141700020601
   \              120701      
   \   0000006B   011005060011               DB 16, 1, 6, 5, 17, 0, 0, 1, 13, 0, 0, 1, 12, 1, 16, 1, 1, 1, 5, 1, 16
   \              0100000D0100
   \              010C01100101
   \              010510      
   \   00000080   01020B010102               DB 2, 1, 1, 11, 2, 1, 16, 2, 1, 1, 11, 2, 1, 16, 2, 2, 2, 11, 4, 1, 16
   \              02100101020B
   \              100102020B02
   \              010410      
   \   00000095   020101021001               DB 1, 2, 2, 1, 1, 16, 2, 2, 2, 11, 4, 1, 16, 2, 2, 2, 11, 4, 1, 16, 2
   \              02020B020104
   \              02100202040B
   \              100102      
   \   000000AA   0303020B1001               DB 3, 3, 11, 2, 1, 16, 2, 3, 3, 11, 2, 1, 16, 1, 4, 4, 5, 1, 16, 2, 4
   \              03020B030102
   \              011004040105
   \              021004      
   \   000000BF   0B0401020210               DB 4, 11, 2, 1, 16, 2, 4, 4, 11, 2, 1, 16, 1, 5, 5, 15, 1, 16, 1, 5, 5
   \              0404020B1001
   \              05010F051001
   \              050105      
   \   000000D4   020E03200607               DB 14, 2, 32, 3, 7, 6, 7, 6, 18, 23, 20, 2, 48, 2, 6, 7, 8, 6, 10, 18
   \              060717120214
   \              023007060608
   \              120A        
   \   000000E8   021002200706               DB 16, 2, 32, 2, 6, 7, 9, 6, 18, 16, 3, 48, 1, 10, 8, 6, 11, 8, 6, 19
   \              060910123003
   \              0A010608080B
   \              1306        
   \   000000FC   30030B010608               DB 3, 48, 1, 11, 8, 6, 10, 8, 6, 16, 0, 59, 38, 108, 128, 169, 16, 141
   \              080A10063B00
   \              6C26A9808D10
   \   0000010E   169B341F9472               DB 155, 22, 31, 52, 114, 148, 162, 175, 45, 66, 73, 135, 121, 182, 104
   \              AFA2422D8749
   \              B67968      
   \   0000011D   640CC3BD5E58               DB 12, 100, 189, 195, 88, 94, 80, 201, 211, 230, 221, 240, 0, 1, 2, 3
   \              C950E6D3F0DD
   \              01000302    
   \   0000012D   07060A090C0B               DB 6, 7, 9, 10, 11, 12, 16, 19, 20, 22, 23, 25, 26, 27, 29, 30, 31, 32
   \              131016141917
   \              1B1A1E1D201F
   \   0000013F   21212322                   DB 33, 33, 34, 35
     50          {
     51            {
     52              0X000, 0X000, 0X000, 0X000, 0X000, 0X001, 0X001, 0X002, 
     53              0X002, 0X002, 0X003, 0X003
     54            },
     55            {
     56              0X000, 0X040, 0X005, 0X000, 0X005, 0X007, 0X00A, 0X003, 
     57              0X015, 0X00B, 0X006, 0X011, 0X000, 0X000, 0X001, 0X015, 
     58              0X001, 0X010, 0X001, 0X000, 0X001, 0X009, 0X001, 0X011, 
     59              0X003, 0X000, 0X000, 0X002, 0X000, 0X007, 0X008, 0X001, 
     60              0X010, 0X002, 0X000, 0X004, 0X00A, 0X016, 0X001, 0X010, 
     61              0X002, 0X000, 0X003, 0X005, 0X016, 0X001, 0X010, 0X002, 
     62              0X001, 0X000, 0X00B, 0X006, 0X001, 0X010, 0X002, 0X002, 
     63              0X000, 0X00B, 0X006, 0X001, 0X010, 0X002, 0X002, 0X000, 
     64              0X00B, 0X006, 0X001, 0X010, 0X002, 0X003, 0X000, 0X00B, 
     65              0X006, 0X001, 0X010, 0X002, 0X004, 0X000, 0X00B, 0X006, 
     66              0X001, 0X020, 0X002, 0X005, 0X006, 0X007, 0X017, 0X014, 
     67              0X002, 0X000, 0X001, 0X006, 0X007, 0X012, 0X001, 0X010, 
     68              0X001, 0X006, 0X005, 0X011, 0X000, 0X000, 0X001, 0X00D, 
     69              0X000, 0X000, 0X001, 0X00C, 0X001, 0X010, 0X001, 0X001, 
     70              0X001, 0X005, 0X001, 0X010, 0X002, 0X001, 0X001, 0X00B, 
     71              0X002, 0X001, 0X010, 0X002, 0X001, 0X001, 0X00B, 0X002, 
     72              0X001, 0X010, 0X002, 0X002, 0X002, 0X00B, 0X004, 0X001, 
     73              0X010, 0X001, 0X002, 0X002, 0X001, 0X001, 0X010, 0X002, 
     74              0X002, 0X002, 0X00B, 0X004, 0X001, 0X010, 0X002, 0X002, 
     75              0X002, 0X00B, 0X004, 0X001, 0X010, 0X002, 0X003, 0X003, 
     76              0X00B, 0X002, 0X001, 0X010, 0X002, 0X003, 0X003, 0X00B, 
     77              0X002, 0X001, 0X010, 0X001, 0X004, 0X004, 0X005, 0X001, 
     78              0X010, 0X002, 0X004, 0X004, 0X00B, 0X002, 0X001, 0X010, 
     79              0X002, 0X004, 0X004, 0X00B, 0X002, 0X001, 0X010, 0X001, 
     80              0X005, 0X005, 0X00F, 0X001, 0X010, 0X001, 0X005, 0X005, 
     81              0X00E, 0X002, 0X020, 0X003, 0X007, 0X006, 0X007, 0X006, 
     82              0X012, 0X017, 0X014, 0X002, 0X030, 0X002, 0X006, 0X007, 
     83              0X008, 0X006, 0X00A, 0X012, 0X010, 0X002, 0X020, 0X002, 
     84              0X006, 0X007, 0X009, 0X006, 0X012, 0X010, 0X003, 0X030, 
     85              0X001, 0X00A, 0X008, 0X006, 0X00B, 0X008, 0X006, 0X013, 
     86              0X003, 0X030, 0X001, 0X00B, 0X008, 0X006, 0X00A, 0X008, 
     87              0X006, 0X010
     88            },
     89            {
     90              0X000, 0X03B, 0X026, 0X06C, 0X080, 0X0A9, 0X010, 0X08D, 
     91              0X09B, 0X016, 0X01F, 0X034, 0X072, 0X094, 0X0A2, 0X0AF, 
     92              0X02D, 0X042, 0X049, 0X087, 0X079, 0X0B6, 0X068, 0X00C, 
     93              0X064, 0X0BD, 0X0C3, 0X058, 0X05E, 0X050, 0X0C9, 0X0D3, 
     94              0X0E6, 0X0DD, 0X0F0
     95            },
     96            {
     97              0X000, 0X001, 0X002, 0X003, 0X006, 0X007, 0X009, 0X00A, 
     98              0X00B, 0X00C, 0X010, 0X013, 0X014, 0X016, 0X017, 0X019, 
     99              0X01A, 0X01B, 0X01D, 0X01E, 0X01F, 0X020, 0X021, 0X021, 
    100              0X022, 0X023
    101            }
    102          };


   Segment part sizes:

     Function/Label        Bytes
     --------------        -----
     SEM                     28
     VS                     323
     ?<Initializer for VS>  323
      Others                 12

 
  12 bytes in segment INITTAB
 323 bytes in segment NEAR_I
 323 bytes in segment NEAR_ID
  28 bytes in segment NEAR_Z
 
 323 bytes of CODE memory (+ 12 bytes shared)
 351 bytes of DATA memory

Errors: none
Warnings: none
